[shopery.netlify.app/main/index.html]
[backblue.gif]
[fade.gif]
[index.html]
[shopery.netlify.app/main/src/images/favicon/favicon-16x16.png]
[shopery.netlify.app/main/src/lib/css/swiper-bundle.min.css]
[shopery.netlify.app/main/src/lib/css/bvselect.css]
[shopery.netlify.app/main/src/lib/css/venobox.css]
[shopery.netlify.app/main/src/lib/css/bootstrap.min.css]
[shopery.netlify.app/main/src/css/style.css]
[shopery.netlify.app/main/src/images/loader.gif]
[shopery.netlify.app/main/src/images/products/img-01.png]
[shopery.netlify.app/main/sign-in.html]
[shopery.netlify.app/main/create-account.html]
[shopery.netlify.app/main/src/images/logo.png]
[shopery.netlify.app/main/wishlist.html]
[shopery.netlify.app/main/home-02.html]
[shopery.netlify.app/main/home-03.html]
[shopery.netlify.app/main/home-04.html]
[shopery.netlify.app/main/home-05.html]
[shopery.netlify.app/main/shop-01.html]
[shopery.netlify.app/main/shop-02.html]
[shopery.netlify.app/main/user-dashboard.html]
[shopery.netlify.app/main/order-history.html]
[shopery.netlify.app/main/order-details.html]
[shopery.netlify.app/main/account-setting.html]
[shopery.netlify.app/main/product-details.html]
[shopery.netlify.app/main/shopping-cart.html]
[shopery.netlify.app/main/faq.html]
[shopery.netlify.app/main/404.html]
[shopery.netlify.app/main/blog-list.html]
[shopery.netlify.app/main/single-blog.html]
[shopery.netlify.app/main/about.html]
[shopery.netlify.app/main/contact.html]
[shopery.netlify.app/main/checkout.html]
[shopery.netlify.app/main/src/images/user/img-03.png]
[shopery.netlify.app/main/src/images/banner/banner-lg-03.jpg]
[shopery.netlify.app/main/src/images/banner/banner-sm-05.png]
[shopery.netlify.app/main/src/images/banner/banner-sm-04.png]
[shopery.netlify.app/main/src/images/categories/image-fruits.png]
[shopery.netlify.app/main/src/images/categories/image-icon-vegitables.png]
[shopery.netlify.app/main/src/images/categories/image-meat.png]
[shopery.netlify.app/main/src/images/categories/image-icon-snaks.png]
[shopery.netlify.app/main/src/images/categories/img-12.png]
[shopery.netlify.app/main/src/images/categories/image-icon-beauty.png]
[shopery.netlify.app/main/src/images/categories/image-icon-snaks2.png]
[shopery.netlify.app/main/src/images/categories/img-06.png]
[shopery.netlify.app/main/src/images/categories/img-07.png]
[shopery.netlify.app/main/src/images/categories/img-08.png]
[shopery.netlify.app/main/src/images/categories/image-soda.png]
[shopery.netlify.app/main/src/images/categories/image-oil.png]
[shopery.netlify.app/main/src/images/products/img-02.png]
[shopery.netlify.app/main/src/images/products/img-03.png]
[shopery.netlify.app/main/src/images/products/img-04.png]
[shopery.netlify.app/main/src/images/products/img-05.png]
[shopery.netlify.app/main/src/images/products/img-06.png]
[shopery.netlify.app/main/src/images/products/img-07.png]
[shopery.netlify.app/main/src/images/products/img-08.png]
[shopery.netlify.app/main/product-details-2.html]
[shopery.netlify.app/main/src/images/products/img-09.png]
[shopery.netlify.app/main/src/images/products/img-10.png]
[shopery.netlify.app/main/src/images/banner/banner-sm-03.png]
[shopery.netlify.app/main/src/images/banner/banner-sm-01.png]
[shopery.netlify.app/main/src/images/banner/banner-sm-02.png]
[shopery.netlify.app/main/src/images/products/img-12.png]
[shopery.netlify.app/main/src/images/products/img-11.png]
[shopery.netlify.app/main/src/images/products/img-14.png]
[shopery.netlify.app/main/src/images/banner/banner-lg-16.jpg]
[shopery.netlify.app/main/src/images/blogs/blog-01.png]
[shopery.netlify.app/main/src/images/blogs/blog-02.png]
[shopery.netlify.app/main/src/images/blogs/blog-03.png]
[shopery.netlify.app/main/src/images/user/img-01.png]
[shopery.netlify.app/main/src/images/user/img-02.png]
[shopery.netlify.app/main/src/images/instagram/img-01.jpg]
[shopery.netlify.app/main/src/images/instagram/img-02.png]
[shopery.netlify.app/main/src/images/instagram/img-03.png]
[shopery.netlify.app/main/src/images/instagram/img-04.png]
[shopery.netlify.app/main/src/images/instagram/img-05.png]
[shopery.netlify.app/main/src/images/instagram/img-06.png]
[shopery.netlify.app/main/src/images/logo-nl-white.png]
[shopery.netlify.app/main/src/images/brand-icon/img-01.png]
[shopery.netlify.app/main/src/images/brand-icon/img-02.png]
[shopery.netlify.app/main/src/images/brand-icon/img-03.png]
[shopery.netlify.app/main/src/images/brand-icon/img-04.png]
[shopery.netlify.app/main/src/images/brand-icon/img-05.png]
[shopery.netlify.app/main/src/images/banner/banner-sm-18.png]
[shopery.netlify.app/main/src/images/product-details/img-01.png]
[shopery.netlify.app/main/src/images/product-details/img-02.png]
[shopery.netlify.app/main/src/images/product-details/img-03.png]
[shopery.netlify.app/main/src/images/product-details/img-04.png]
[shopery.netlify.app/main/src/lib/js/jquery.min.js]
[shopery.netlify.app/main/src/lib/js/venobox.min.js]
[shopery.netlify.app/main/src/lib/js/swiper-bundle.min.js]
[shopery.netlify.app/main/src/lib/js/bvselect.js]
[shopery.netlify.app/main/src/lib/js/bootstrap.bundle.min.js]
[shopery.netlify.app/main/src/lib/js/jquery.syotimer.min.js]
[shopery.netlify.app/main/src/js/main.js]
[shopery.netlify.app/main/src/js/home1.js]
[shopery.netlify.app/main/index.html]
[shopery.netlify.app/main/src/lib/css/swiper-bundle.min.css]
[shopery.netlify.app/main/src/lib/css/bvselect.css]
[shopery.netlify.app/main/src/lib/css/venobox.css]
[shopery.netlify.app/main/src/lib/css/bootstrap.min.css]
[shopery.netlify.app/main/src/css/style.css]
[shopery.netlify.app/main/src/images/banner/breedcrumb.jpg]
[shopery.netlify.app/main/sign-in.html]
[shopery.netlify.app/main/create-account.html]
[shopery.netlify.app/main/wishlist.html]
[shopery.netlify.app/main/src/images/banner/bg.png]
[shopery.netlify.app/main/src/images/banner/banner-lg-01.png]
[shopery.netlify.app/main/src/images/banner/banner-sm-07.png]
[shopery.netlify.app/main/src/images/banner/banner-lg-08.png]
[shopery.netlify.app/main/src/images/members/img-01.png]
[shopery.netlify.app/main/src/images/members/img-02.png]
[shopery.netlify.app/main/src/images/members/img-03.png]
[shopery.netlify.app/main/src/images/logo-nl.png]
[shopery.netlify.app/main/src/images/brand-icon/img-01-w.png]
[shopery.netlify.app/main/src/images/brand-icon/img-02-w.png]
[shopery.netlify.app/main/src/images/brand-icon/img-03-w.png]
[shopery.netlify.app/main/src/images/brand-icon/img-04-w.png]
[shopery.netlify.app/main/src/images/brand-icon/img-05-w.png]
[shopery.netlify.app/main/src/js/home2.js]
[shopery.netlify.app/main/home-02.html]
[shopery.netlify.app/main/src/images/banner/banner-sm-06.png]
[shopery.netlify.app/main/src/images/banner/banner-sm-12.png]
[shopery.netlify.app/main/src/images/categories/icon-vegetable.png]
[shopery.netlify.app/main/src/images/categories/icon-fruits.png]
[shopery.netlify.app/main/src/images/categories/icon-fish.png]
[shopery.netlify.app/main/src/images/categories/icon-meat.png]
[shopery.netlify.app/main/src/images/categories/icon-drinks.png]
[shopery.netlify.app/main/src/images/categories/icon-snacks.png]
[shopery.netlify.app/main/home-03.html]
[shopery.netlify.app/main/src/images/banner/banner-sm-09.png]
[shopery.netlify.app/main/src/images/banner/banner-sm-10.png]
[shopery.netlify.app/main/src/images/banner/banner-sm-11.png]
[shopery.netlify.app/main/src/images/banner/banner-sm-13.png]
[shopery.netlify.app/main/src/images/banner/banner-lg-02.png]
[shopery.netlify.app/main/src/images/logo-nl-02.png]
[shopery.netlify.app/main/src/images/instagram/img-01-sm.png]
[shopery.netlify.app/main/src/images/instagram/img-02-sm.png]
[shopery.netlify.app/main/src/images/instagram/img-03-sm.png]
[shopery.netlify.app/main/src/images/instagram/img-04-sm.png]
[shopery.netlify.app/main/src/images/instagram/img-05-sm.png]
[shopery.netlify.app/main/src/images/instagram/img-06-sm.png]
[shopery.netlify.app/main/src/images/instagram/img-07-sm.png]
[shopery.netlify.app/main/src/images/instagram/img-08-sm.png]
[shopery.netlify.app/main/src/images/brand-icon/img-01-g.png]
[shopery.netlify.app/main/src/images/brand-icon/img-02-g.png]
[shopery.netlify.app/main/src/images/brand-icon/img-03-g.png]
[shopery.netlify.app/main/src/images/brand-icon/img-04-g.png]
[shopery.netlify.app/main/src/images/brand-icon/img-05-g.png]
[shopery.netlify.app/main/src/js/home4.js]
[shopery.netlify.app/main/home-04.html]
[shopery.netlify.app/main/src/images/overlay/leaf-09.png]
[shopery.netlify.app/main/src/images/overlay/leaf-10.png]
[shopery.netlify.app/main/src/images/overlay/leaf-08.png]
[shopery.netlify.app/main/src/images/overlay/leaf-11.png]
[shopery.netlify.app/main/src/images/overlay/leaf-01.png]
[shopery.netlify.app/main/src/images/overlay/leaf-02.png]
[shopery.netlify.app/main/src/images/overlay/img-16.png]
[shopery.netlify.app/main/src/images/members/img-06.png]
[shopery.netlify.app/main/src/images/members/img-05.png]
[shopery.netlify.app/main/src/images/overlay/leaf-04.png]
[shopery.netlify.app/main/src/images/overlay/leaf-03.png]
[shopery.netlify.app/main/src/images/banner/banner-lg-07.png]
[shopery.netlify.app/main/src/images/overlay/leaf-05.png]
[shopery.netlify.app/main/src/images/banner/banner-sm-15.png]
[shopery.netlify.app/main/src/images/banner/banner-sm-14.png]
[shopery.netlify.app/main/src/images/overlay/leaf-06.png]
[shopery.netlify.app/main/src/images/overlay/leaf-07.png]
[shopery.netlify.app/main/src/lib/js/countfect.min.js]
[shopery.netlify.app/main/home-05.html]
[shopery.netlify.app/main/src/lib/css/nouislider.min.css]
[shopery.netlify.app/main/src/images/banner/banner-sm-19.jpg]
[shopery.netlify.app/main/shop-01.html]
[shopery.netlify.app/main/src/lib/js/nouislider.min.js]
[shopery.netlify.app/main/src/images/banner/banner-lg-17.jpg]
[shopery.netlify.app/main/shop-02.html]
[shopery.netlify.app/main/src/images/user/img-07.png]
[shopery.netlify.app/main/user-dashboard.html]
[shopery.netlify.app/main/order-history.html]
[shopery.netlify.app/main/order-details.html]
[shopery.netlify.app/main/account-setting.html]
[shopery.netlify.app/main/src/images/brand-icon/brand-img.png]
[shopery.netlify.app/main/src/images/members/img-10.png]
[shopery.netlify.app/main/src/images/user/img-04.png]
[shopery.netlify.app/main/product-details.html]
[shopery.netlify.app/main/shopping-cart.html]
[shopery.netlify.app/main/src/images/banner/banner-lg-09.png]
[shopery.netlify.app/main/faq.html]
[shopery.netlify.app/main/src/images/404.png]
[shopery.netlify.app/main/404.html]
[shopery.netlify.app/main/src/images/blogs/blog-recent-1.png]
[shopery.netlify.app/main/src/images/blogs/blog-recent-2.png]
[shopery.netlify.app/main/src/images/blogs/blog-recent-3.png]
[shopery.netlify.app/main/blog-list.html]
[shopery.netlify.app/main/src/images/blogs/img-01.png]
[shopery.netlify.app/main/src/images/blogs/img-02.png]
[shopery.netlify.app/main/src/images/blogs/img-03.png]
[shopery.netlify.app/main/src/images/banner/banner-lg-10.png]
[shopery.netlify.app/main/single-blog.html]
[shopery.netlify.app/main/src/images/members/img-08.png]
[shopery.netlify.app/main/src/images/banner/banner-lg-12.png]
[shopery.netlify.app/main/src/images/members/img-09.png]
[shopery.netlify.app/main/about.html]
[shopery.netlify.app/main/contact.html]
[shopery.netlify.app/main/checkout.html]
[shopery.netlify.app/main/product-details-2.html]
[shopery.netlify.app/main/src/js/home3.js]
[shopery.netlify.app/main/src/js/home5.js]
[shopery.netlify.app/main/src/lib/css/nouislider.min.css]
